// Jest Snapshot v1, https://goo.gl/fbAQLP

exports[`CNav renders correctly 1`] = `
<ul
  class="c-nav c-nav-tabs"
>
  CNav items
</ul>
`;

exports[`CNav renders correctly 2`] = `
<ul
  class="c-nav c-nav-pills c-flex-column c-nav-fill c-nav-justified"
>
  <li
    class="c-nav-item"
  >
    <a
      class="c-nav-link"
      href="#"
      target="_self"
    />
  </li>
  <li
    class="c-nav-item"
  >
    <a
      class="c-nav-link"
      href="#"
      target="_self"
    />
  </li>
  <li
    class="c-nav-item"
  >
    <a
      class="c-nav-link"
      href="#"
      target="_self"
    />
  </li>
  <li
    class="c-nav-item"
  >
    <a
      class="c-nav-link"
      href="#"
      target="_self"
    />
  </li>
</ul>
`;
