// Jest Snapshot v1, https://goo.gl/fbAQLP

exports[`CWidgetProgress matches custom props snapshot 1`] = `
<div
  class="c-card c-text-white c-bg-info"
>
   
  <div
    class="c-card-body"
  >
    <div
      class="c-h4 c-m-0"
    >
      test
    </div>
     
    <div>
      test
    </div>
     
    <cprogress-stub
      class="c-progress-xs c-my-3 c-mb-0 c-progress-white"
      max="100"
      precision="0"
      value="30"
      variant=""
    />
     
    <small
      class="c-text-muted"
    >
      
      test
    
    </small>
  </div>
   
</div>
`;

exports[`CWidgetProgress matches default props snapshot 1`] = `
<div
  class="c-card"
>
   
  <div
    class="c-card-body"
  >
    <!---->
     
    <!---->
     
    <cprogress-stub
      class="c-progress-xs c-my-3 c-mb-0"
      max="100"
      precision="0"
      value="25"
      variant="primary"
    />
     
    <!---->
  </div>
   
</div>
`;
