// Jest Snapshot v1, https://goo.gl/fbAQLP

exports[`CWidgetIcon matches custom props snapshot 1`] = `
<div
  class="c-card"
>
  <div
    class="c-card-body c-clearfix c-d-flex c-align-items-center c-p-3"
  >
    <div
      class="c-float-left c-mr-3 c-text-white c-bg-primary c-p-3"
    />
     
    <div>
      <div
        class="c-text-value c-text-primary"
      >
        
        header
      
      </div>
       
      <div
        class="c-text-muted c-text-uppercase c-font-weight-bold c-small"
      >
        
        text
      
      </div>
    </div>
  </div>
   
  <div
    class="c-card-footer c-px-3 c-py-2"
  >
    <clink-stub
      activeclass="c-active"
      class="c-font-weight-bold c-font-xs c-btn-block c-text-muted"
      event="click"
      exactactiveclass="c-active"
      href="link.com"
      routertag="a"
      target="_self"
    >
      
        View More
        
      <cicon-stub
        class="c-float-right"
        name="arrowRight"
        width="16"
      />
    </clink-stub>
  </div>
</div>
`;

exports[`CWidgetIcon matches default props snapshot 1`] = `
<div
  class="c-card"
>
  <div
    class="c-card-body c-clearfix c-d-flex c-align-items-center c-p-3"
  >
    <div
      class="c-float-left c-mr-3 c-text-white c-bg-primary c-p-3"
    />
     
    <div>
      <div
        class="c-text-value c-text-primary"
      >
        
        header:string
      
      </div>
       
      <div
        class="c-text-muted c-text-uppercase c-font-weight-bold c-small"
      >
        
        text:string
      
      </div>
    </div>
  </div>
   
  <!---->
</div>
`;
