// Jest Snapshot v1, https://goo.gl/fbAQLP

exports[`CWidgetSimple matches custom props snapshot 1`] = `
<div
  class="c-card"
>
   
  <div
    class="c-card-body c-text-center"
  >
    <div
      class="c-text-muted c-small c-text-uppercase c-font-weight-bold"
    >
      
      header
    
    </div>
     
    <div
      class="c-h2 c-py-3"
    >
      text
    </div>
     
  </div>
   
</div>
`;
