// Jest Snapshot v1, https://goo.gl/fbAQLP

exports[`CEmbed renders correctly 1`] = `
<div
  class="c-embed-responsive c-embed-responsive-16by9"
>
  <iframe
    class="c-embed-responsive-item"
  />
</div>
`;

exports[`CEmbed renders correctly 2`] = `
<div
  class="c-embed-responsive c-embed-responsive-4by3"
>
  <embed
    class="c-embed-responsive-item"
  >
    <template>
      CEmbed item
    </template>
  </embed>
</div>
`;
