// Jest Snapshot v1, https://goo.gl/fbAQLP

exports[`CTabs renders correctly 1`] = `
<div
  class=""
>
  <div
    class=""
  >
    <ul
      class="nav nav-tabs"
    />
  </div>
   
  <div
    class=""
  >
    <div
      class="tab-content"
    />
  </div>
</div>
`;

exports[`CTabs renders correctly 2`] = `
<div
  class="row no-gutters"
>
  <div
    class="additional-nav-wrapper-class col-sm-3"
  >
    <ul
      class="additional-nav-class nav nav-pills flex-column nav-fill nav-justified h-100"
    >
      <li
        class="nav-item"
      >
        <a
          class="nav-link"
          href="#"
          target="_self"
        >
          tab1
        </a>
      </li>
      <li
        class="nav-item"
      >
        <a
          class="nav-link active"
          href="#"
          target="_self"
        >
          tab2
        </a>
      </li>
      <li
        class="nav-item"
      >
        <a
          class="nav-link"
          href="#"
          target="_self"
        >
          tab3
        </a>
      </li>
      <li
        class="nav-item"
      >
        <a
          aria-disabled="true"
          class="nav-link disabled"
          href="#"
          tabindex="-1"
          target="_self"
        >
          tab 4
        </a>
      </li>
      <div>
        ignored element
      </div>
    </ul>
  </div>
   
  <div
    class="additional-tabs-wrapper-class col-sm-9"
  >
    <div
      class="additional-tabs-class tab-content pl-3 p-0"
    >
      <div
        class="additional-tab-class tab-pane"
        mode="out-in"
        name="fade"
        style="display: none;"
      >
        tab1 content
      </div>
      <div
        class="additional-tab-class tab-pane active"
        mode="out-in"
        name="fade"
      >
        tab2 content
      </div>
      <div
        class="additional-tab-class tab-pane"
        mode="out-in"
        name="fade"
        style="display: none;"
      />
      <div
        class="additional-tab-class tab-pane"
        mode="out-in"
        name="fade"
        style="display: none;"
      >
        disabled tab
      </div>
      <div>
        ignored element
      </div>
    </div>
  </div>
</div>
`;
