// Jest Snapshot v1, https://goo.gl/fbAQLP

exports[`CSidebarNavDropdown renders correctly 1`] = `
<li
  class="c-sidebar-nav-item c-sidebar-nav-dropdown"
>
  <a
    class="c-sidebar-nav-link c-sidebar-nav-dropdown-toggle"
  >
    <cicon
      customclasses="cui-settings,c-sidebar-nav-icon"
    />
    
    
  
  </a>
   
  <ul
    class="c-sidebar-nav-dropdown-items"
  />
</li>
`;
