// Jest Snapshot v1, https://goo.gl/fbAQLP

exports[`CSidebarNavLink.vue renders correctly 1`] = `
<li
  class="c-nav-item"
  id="link"
>
  <a
    class="c-nav-link"
    href="#"
    target="_self"
  >
    <i
      class="c-nav-icon cui-settings"
    />
     
      test link
      
    <span
      class="c-badge c-badge-success"
    >
      NEW
    </span>
  </a>
</li>
`;
