// Jest Snapshot v1, https://goo.gl/fbAQLP

exports[`CButton renders correctly 1`] = `
<button
  class="c-btn"
  type="button"
/>
`;

exports[`CButton renders correctly router link button 1`] = `
<a
  class="c-btn c-btn-success c-btn-sm c-btn-ghost-success c-btn-pill"
  href="#"
  target="_self"
>
  <template>
    button
  </template>
</a>
`;

exports[`CButton renders correctly toggle button 1`] = `
<button
  aria-pressed="true"
  autocomplete="off"
  class="c-btn c-btn-outline-info c-btn-lg c-btn-ghost-info c-btn-block c-btn-square c-active"
  type="input"
>
  <template>
    button
  </template>
</button>
`;
