// Jest Snapshot v1, https://goo.gl/fbAQLP

exports[`CButtonGroup renders correctly 1`] = `
<div
  class="btn-group"
  role="group"
/>
`;

exports[`CButtonGroup renders correctly 2`] = `
<div
  class="btn-group-vertical btn-group-lg"
  role="group"
>
  <template>
    Vertical Group
  </template>
</div>
`;
