// Jest Snapshot v1, https://goo.gl/fbAQLP

exports[`Customize (two) CNavbarBrand component renders correctly 1`] = `"<a class=\\"header-brand\\" href=\\"/bazinga\\">Default slot</a>"`;

exports[`Customize CNavbarBrand component renders correctly 1`] = `"<div class=\\"header-brand\\" href=\\"/bazinga\\">Default slot</div>"`;

exports[`Loads and display CNavbarBrand component renders correctly 1`] = `"<a class=\\"header-brand\\">Default slot</a>"`;
