// Jest Snapshot v1, https://goo.gl/fbAQLP

exports[`Customize CNavbar component renders correctly 1`] = `
"<div class=\\"navbar bg-warning navbar-light navbar-expand-xl fixed-bottom\\">
  <div class=\\"container-lg\\">Default slot</div>
</div>"
`;

exports[`Loads and display CNavbar component renders correctly 1`] = `"<nav class=\\"navbar\\">Default slot</nav>"`;
