// Jest Snapshot v1, https://goo.gl/fbAQLP

exports[`CImg renders correctly 1`] = `
<svg
  class=""
  style="background-color: transparent;"
/>
`;

exports[`CImg renders correctly 2`] = `
<img
  alt="image"
  class="float-right img-fluid w-100 rounded-right d-block"
  height="200"
  src="./image-source"
  width="400"
/>
`;
