// Jest Snapshot v1, https://goo.gl/fbAQLP

exports[`CDropdown renders correctly 1`] = `
<div
  class="c-dropdown"
>
  <button
    aria-expanded="false"
    aria-haspopup="true"
    class="c-btn c-dropdown-toggle"
  >
    Dropdown
  </button>
   
  <!---->
   
  <div
    class="c-dropdown-menu"
  />
</div>
`;

exports[`CDropdown renders correctly 2`] = `
<div
  class="c-dropdown c-show c-btn-group"
>
  <button
    class="additional-toggler-class c-btn c-btn-lg c-disabled c-btn-success"
  >
    Dropdown button
  </button>
   
  <button
    aria-expanded="true"
    aria-haspopup="true"
    class="c-dropdown-toggle c-dropdown-toggle-split additional-toggler-class c-btn c-btn-lg c-disabled c-btn-success"
  />
   
  <div
    class="additional-menu-class c-dropdown-menu c-show"
  >
    CDropdown subcomponents
  </div>
</div>
`;
