// Jest Snapshot v1, https://goo.gl/fbAQLP

exports[`CDropdown renders basic wrapper correctly 1`] = `
<div
  class="dropdown"
>
  <button
    aria-expanded="false"
    aria-haspopup="true"
    class="btn dropdown-toggle"
    type="button"
  >
    Dropdown
  </button>
   
  <!---->
   
  <div
    class="dropdown-menu"
  />
</div>
`;

exports[`CDropdown renders correctly inNav 1`] = `
<li
  class="dropleft nav-item"
>
  <div
    class="toggler"
  >
    Dropdown button
  </div>
   
  <div
    class="additional-menu-class dropdown-menu"
  >
    CDropdown subcomponents
  </div>
</li>
`;

exports[`CDropdown renders custom wrapper correctly 1`] = `
<div
  class="dropright show btn-group"
>
  <button
    class="additional-toggler-class btn btn-lg btn-success"
  >
    Dropdown button
  </button>
   
  <button
    aria-expanded="true"
    aria-haspopup="true"
    class="dropdown-toggle dropdown-toggle-split additional-toggler-class btn btn-lg btn-success"
    type="button"
  />
   
  <div
    class="additional-menu-class dropdown-menu show"
  >
    <div
      class="dropdown-header"
    />
    <a
      class="dropdown-item"
      href="#"
      role="menuitem"
      target="_self"
    />
    <div
      class="dropdown-divider"
      role="separator"
    />
  </div>
</div>
`;

exports[`CDropdown renders dropdown with router links correctly 1`] = `
<div
  class="dropright show btn-group"
>
  <button
    class="additional-toggler-class btn btn-lg btn-success"
  >
    Dropdown button
  </button>
   
  <button
    aria-expanded="true"
    aria-haspopup="true"
    class="dropdown-toggle dropdown-toggle-split additional-toggler-class btn btn-lg btn-success"
    type="button"
  />
   
  <div
    class="additional-menu-class dropdown-menu show"
  >
    <div
      class="dropdown-header"
    />
    <a
      class="dropdown-item"
      href="#"
      role="menuitem"
      target="_self"
    />
    <div
      class="dropdown-divider"
      role="separator"
    />
  </div>
</div>
`;
