// Jest Snapshot v1, https://goo.gl/fbAQLP

exports[`CToaster renders correctly 1`] = `
<div
  class="toaster toaster-top-right"
/>
`;

exports[`CToaster renders correctly custom wrapper 1`] = `
<div
  class="toaster toaster-top-left"
>
  <div
    appear="true"
    aria-atomic="true"
    aria-live="assertive"
    class="toast"
    role="alert"
  >
    <!---->
     
    <div
      class="toast-body"
    >
      toast body
    </div>
  </div>
</div>
`;
