// Jest Snapshot v1, https://goo.gl/fbAQLP

exports[`CToast renders correctly 1`] = `
<div
  appear="true"
  aria-atomic="true"
  aria-live="assertive"
  class="toast"
  position="static"
  role="alert"
>
  <!---->
   
  <div
    class="toast-body"
  />
</div>
`;

exports[`CToast renders correctly custom wrapper 1`] = `
<div
  appear="true"
  aria-atomic="true"
  aria-live="assertive"
  class="toast toast-danger"
  name="fade"
  position="bottom-center"
  role="alert"
>
  <div
    class="toast-header"
  >
    <strong
      class="mfe-auto"
    >
      title
    </strong>
     
    <button
      aria-label="Close"
      class="mfs-2 mb-1 close"
      type="button"
    >
      ×
    </button>
  </div>
   
  <div
    class="toast-body"
  >
    CToast body
  </div>
</div>
`;
