// Jest Snapshot v1, https://goo.gl/fbAQLP

exports[`CBreadcrumb renders correctly 1`] = `
<ol
  class="breadcrumb"
>
  <li
    class="additional-class breadcrumb-item additional-link-class"
    role="presentation"
  >
    <a
      class=""
      href="#"
      target="_self"
    >
      
      Admin
    
    </a>
  </li>
  <li
    class="additional-class breadcrumb-item additional-link-class"
    role="presentation"
  >
    <a
      class=""
      href="#"
      target="_self"
    >
      
      Manage
    
    </a>
  </li>
   
  <li
    class="active additional-class breadcrumb-item additional-last-item-class"
    role="presentation"
  >
    <span>
      Library
    </span>
  </li>
   
</ol>
`;

exports[`CBreadcrumb renders correctly with slot content 1`] = `
<ol
  class="breadcrumb"
>
   
  <!---->
   default slot content
</ol>
`;
