// Jest Snapshot v1, https://goo.gl/fbAQLP

exports[`CBreadcrumb renders correctly 1`] = `
<ol
  class="c-breadcrumb"
>
  <li
    class="c-breadcrumb-item"
    role="presentation"
  >
    <a
      class=""
      href="#"
      target="_self"
      text="Admin"
    />
  </li>
  <li
    class="c-breadcrumb-item"
    role="presentation"
  >
    <a
      class=""
      href="#"
      target="_self"
      text="Manage"
    />
  </li>
   
  <li
    class="c-active c-breadcrumb-item"
    role="presentation"
  >
    <span />
  </li>
</ol>
`;
