// Jest Snapshot v1, https://goo.gl/fbAQLP

exports[`CBreadcrumb renders correctly 1`] = `
<ol
  class="c-breadcrumb"
>
  <li
    class="c-breadcrumb-item"
    role="presentation"
  >
    <a
      class=""
      href="#"
      target="_self"
    />
  </li>
  <li
    class="c-breadcrumb-item"
    role="presentation"
  >
    <a
      class=""
      href="#"
      target="_self"
    />
  </li>
  <li
    class="c-breadcrumb-item c-active"
    role="presentation"
  >
    <span
      class=""
    />
  </li>
</ol>
`;
