// Jest Snapshot v1, https://goo.gl/fbAQLP

exports[`CCarousel renders correctly 1`] = `
<div
  class="carousel slide"
  style="height: auto;"
>
  <!---->
   
  <div
    class="carousel-inner"
  />
   
  <!---->
</div>
`;

exports[`CCarousel renders correctly 2`] = `
<div
  class="carousel slide"
>
  <ol
    class="carousel-indicators additional-class"
  >
    <li
      class="active"
    />
    <li
      class=""
    />
    <li
      class=""
    />
  </ol>
   
  <div
    class="carousel-inner"
  >
    <div
      class="carousel-item active"
    >
      <!---->
       
      <!---->
    </div>
    <div
      class="carousel-item"
    >
      <!---->
       
      <!---->
    </div>
    <div
      class="carousel-item"
    >
      <!---->
       
      <!---->
    </div>
  </div>
   
  <a
    class="carousel-control-prev"
  >
    <span
      aria-label="Previous"
      class="carousel-control-prev-icon"
    />
  </a>
   
  <a
    class="carousel-control-next"
  >
    <span
      aria-label="Next"
      class="carousel-control-next-icon"
    />
  </a>
</div>
`;
