// Jest Snapshot v1, https://goo.gl/fbAQLP

exports[`CCarousel renders correctly 1`] = `
<div
  class="c-carousel c-slide"
  style="height: auto;"
>
  <!---->
   
  <div
    class="c-carousel-inner"
  />
   
  <!---->
   
</div>
`;

exports[`CCarousel renders correctly 2`] = `
<div
  class="c-carousel c-slide"
>
  <ol
    class="c-carousel-indicators additional-class"
  >
    <li
      class="c-active"
    />
    <li
      class=""
    />
    <li
      class=""
    />
  </ol>
   
  <div
    class="c-carousel-inner"
  >
    <div
      class="c-carousel-item"
    >
      <!---->
       
      <!---->
    </div>
    <div
      class="c-carousel-item"
    >
      <!---->
       
      <!---->
    </div>
    <div
      class="c-carousel-item"
    >
      <!---->
       
      <!---->
    </div>
  </div>
   
  <a
    class="c-carousel-control-prev"
  >
    <span
      aria-label="Previous"
      class="c-carousel-control-prev-icon"
    />
  </a>
   
  <a
    class="c-carousel-control-next"
  >
    <span
      aria-label="Next"
      class="c-carousel-control-next-icon"
    />
  </a>
   
</div>
`;
