// Jest Snapshot v1, https://goo.gl/fbAQLP

exports[`CNavbar renders correctly 1`] = `
<nav
  class="navbar navbar-dark"
/>
`;

exports[`CNavbar renders correctly 2`] = `
<div
  class="navbar navbar-light fixed-top navbar-expand"
  fill="true"
  justified="true"
  pills="true"
  role="navigation"
  vertical="true"
>
  <template>
    CNavbar items
  </template>
</div>
`;
