// Jest Snapshot v1, https://goo.gl/fbAQLP

exports[`CNavbarBrand renders correctly 1`] = `
<div
  class="c-navbar-brand"
/>
`;

exports[`CNavbarBrand renders correctly 2`] = `
<a
  class="c-navbar-brand"
  href="https://coreui.io/"
  target="_self"
>
  <template>
    CNavbarBrand
  </template>
</a>
`;

exports[`CNavbarBrand2 renders correctly 1`] = `
<div
  class="c-navbar-brand"
/>
`;

exports[`CNavbarBrand2 renders correctly 2`] = `
<a
  class="c-navbar-brand"
  href="https://coreui.io/"
  target="_self"
>
  <template>
    CNavbarBrand
  </template>
</a>
`;
