// Jest Snapshot v1, https://goo.gl/fbAQLP

exports[`CNavbar renders correctly 1`] = `
<nav
  class="c-navbar c-navbar-dark"
/>
`;

exports[`CNavbar renders correctly 2`] = `
<nav
  class="c-navbar c-navbar-dark"
  fill="true"
  justified="true"
  pills="true"
  vertical="true"
>
  <template>
    CNavbar items
  </template>
</nav>
`;
