// Jest Snapshot v1, https://goo.gl/fbAQLP

exports[`CNavbar renders correctly 1`] = `
<ul
  class="c-navbar-nav"
/>
`;

exports[`CNavbar renders correctly 2`] = `
<ul
  class="c-navbar-nav c-nav-fill c-nav-justified"
  pills="true"
  vertical="true"
>
  <template>
    CNavbar items
  </template>
</ul>
`;
