// Jest Snapshot v1, https://goo.gl/fbAQLP

exports[`CFormFile renders correctly 1`] = `
<div
  class="c-form-row c-was-validated"
  role="group"
>
  <label
    class="additional-label-class c-col-form-label c-col-sm-3"
    for="some_id"
  >
    
        label
      
  </label>
   
  <div
    class="additional-wrapper-class c-col-sm-9"
  >
    <!---->
     
    <input
      class="c-custom-file-input c-is-valid additional-input-class"
      id="some_id"
      multiple="multiple"
      type="file"
    />
     
    <label
      class="c-custom-file-label"
      for="some_id"
    >
      
      Choose files...
    
    </label>
      
    <!---->
     
    <div
      class="c-valid-tooltip"
    >
      input is valid
    </div>
     
    <div
      class="c-invalid-tooltip"
    >
      input is invalid
    </div>
     
    <small
      class="c-form-text c-text-muted c-w-100"
    >
      permission
    </small>
  </div>
</div>
`;
