// Jest Snapshot v1, https://goo.gl/fbAQLP

exports[`CTextarea renders correctly 1`] = `
<div
  class="form-group"
  role="group"
>
   
  <!---->
   
  <textarea
    class="form-control"
    id="some_id"
  />
    
  <!---->
   
  <!---->
   
  <!---->
   
  <!---->
</div>
`;

exports[`CTextarea renders correctly 2`] = `
<div
  class="form-group was-validated"
  role="group"
>
  <label
    class="additional-label-class col-form-label-lg"
    for="some_id"
  >
    
        label
      
  </label>
   
  <div
    class="additional-wrapper-class input-group input-group-lg"
  >
    <!---->
     
    <textarea
      checked="checked"
      class="form-control is-valid additional-input-class"
      custom="true"
      id="some_id"
    />
      
    <!---->
     
    <div
      class="valid-tooltip"
    >
      input is valid
    </div>
     
    <div
      class="invalid-tooltip"
    >
      input is invalid
    </div>
     
    <small
      class="form-text text-muted w-100"
    >
      permission
    </small>
  </div>
</div>
`;
