// Jest Snapshot v1, https://goo.gl/fbAQLP

exports[`SidebarNavDropdown.vue renders correctly 1`] = `
<router-link-stub
  class="nav-item nav-dropdown"
  disabled=""
  event="click"
  tag="li"
  to=""
>
  <div
    class="nav-link nav-dropdown-toggle"
  >
    <i
      class="nav-icon"
    />
     
  </div>
   
  <ul
    class="nav-dropdown-items"
  />
</router-link-stub>
`;
