// Jest Snapshot v1, https://goo.gl/fbAQLP

exports[`Switch.vue renders correctly 1`] = `
<label
  class="switch switch-secondary form-check-label"
>
  <input
    class="switch-input form-check-input"
    false-value="uncheckedValue"
    id="switch-id-3"
    true-value="value"
    type="checkbox"
    value="true"
  />
   
  <span
    class="switch-slider"
  />
</label>
`;
